// Jest Snapshot v1, https://goo.gl/fbAQLP

exports[`ExamsPage snapshots loaded 1`] = `
Object {
  "asFragment": [Function],
  "baseElement": <body>
    <div>
      <div
        class="container-fluid"
      >
        <div>
          <ul>
            <li>
              exam1
            </li>
          </ul>
        </div>
        <div>
          <nav
            class="pgn__tabs nav nav-tabs"
            role="tablist"
          >
            <a
              aria-selected="true"
              class="nav-item nav-link active"
              data-rb-event-key="attempts"
              href="#"
              role="tab"
            >
              Attempts
            </a>
            <a
              aria-selected="false"
              class="nav-item nav-link"
              data-rb-event-key="review"
              href="#"
              role="tab"
            >
              Review Dashboard
            </a>
            <a
              class="pgn__tab_invisible pgn__tab_more nav-item nav-link"
              href="#"
              role="tab"
              tabindex="-1"
            >
              <div
                class="pgn__dropdown pgn__dropdown-light dropdown"
                data-testid="dropdown"
              >
                <button
                  aria-expanded="false"
                  aria-haspopup="true"
                  class="nav-link dropdown-toggle btn btn-link"
                  id="pgn__tab-toggle"
                  type="button"
                >
                  More...
                </button>
              </div>
            </a>
          </nav>
          <div
            class="tab-content"
          >
            <div
              aria-hidden="false"
              class="fade tab-pane active show"
              role="tabpanel"
            >
              <div
                data-testid="attempt_list"
              >
                Placeholder for attempt list
              </div>
            </div>
            <div
              aria-hidden="true"
              class="fade tab-pane"
              role="tabpanel"
            >
              <div
                data-testid="review_dash"
              >
                Placeholder for external review app
              </div>
            </div>
            <div
              aria-hidden="true"
              class="fade tab-pane"
              role="tabpanel"
            />
          </div>
        </div>
      </div>
    </div>
  </body>,
  "container": <div>
    <div
      class="container-fluid"
    >
      <div>
        <ul>
          <li>
            exam1
          </li>
        </ul>
      </div>
      <div>
        <nav
          class="pgn__tabs nav nav-tabs"
          role="tablist"
        >
          <a
            aria-selected="true"
            class="nav-item nav-link active"
            data-rb-event-key="attempts"
            href="#"
            role="tab"
          >
            Attempts
          </a>
          <a
            aria-selected="false"
            class="nav-item nav-link"
            data-rb-event-key="review"
            href="#"
            role="tab"
          >
            Review Dashboard
          </a>
          <a
            class="pgn__tab_invisible pgn__tab_more nav-item nav-link"
            href="#"
            role="tab"
            tabindex="-1"
          >
            <div
              class="pgn__dropdown pgn__dropdown-light dropdown"
              data-testid="dropdown"
            >
              <button
                aria-expanded="false"
                aria-haspopup="true"
                class="nav-link dropdown-toggle btn btn-link"
                id="pgn__tab-toggle"
                type="button"
              >
                More...
              </button>
            </div>
          </a>
        </nav>
        <div
          class="tab-content"
        >
          <div
            aria-hidden="false"
            class="fade tab-pane active show"
            role="tabpanel"
          >
            <div
              data-testid="attempt_list"
            >
              Placeholder for attempt list
            </div>
          </div>
          <div
            aria-hidden="true"
            class="fade tab-pane"
            role="tabpanel"
          >
            <div
              data-testid="review_dash"
            >
              Placeholder for external review app
            </div>
          </div>
          <div
            aria-hidden="true"
            class="fade tab-pane"
            role="tabpanel"
          />
        </div>
      </div>
    </div>
  </div>,
  "debug": [Function],
  "findAllByAltText": [Function],
  "findAllByDisplayValue": [Function],
  "findAllByLabelText": [Function],
  "findAllByPlaceholderText": [Function],
  "findAllByRole": [Function],
  "findAllByTestId": [Function],
  "findAllByText": [Function],
  "findAllByTitle": [Function],
  "findByAltText": [Function],
  "findByDisplayValue": [Function],
  "findByLabelText": [Function],
  "findByPlaceholderText": [Function],
  "findByRole": [Function],
  "findByTestId": [Function],
  "findByText": [Function],
  "findByTitle": [Function],
  "getAllByAltText": [Function],
  "getAllByDisplayValue": [Function],
  "getAllByLabelText": [Function],
  "getAllByPlaceholderText": [Function],
  "getAllByRole": [Function],
  "getAllByTestId": [Function],
  "getAllByText": [Function],
  "getAllByTitle": [Function],
  "getByAltText": [Function],
  "getByDisplayValue": [Function],
  "getByLabelText": [Function],
  "getByPlaceholderText": [Function],
  "getByRole": [Function],
  "getByTestId": [Function],
  "getByText": [Function],
  "getByTitle": [Function],
  "queryAllByAltText": [Function],
  "queryAllByDisplayValue": [Function],
  "queryAllByLabelText": [Function],
  "queryAllByPlaceholderText": [Function],
  "queryAllByRole": [Function],
  "queryAllByTestId": [Function],
  "queryAllByText": [Function],
  "queryAllByTitle": [Function],
  "queryByAltText": [Function],
  "queryByDisplayValue": [Function],
  "queryByLabelText": [Function],
  "queryByPlaceholderText": [Function],
  "queryByRole": [Function],
  "queryByTestId": [Function],
  "queryByText": [Function],
  "queryByTitle": [Function],
  "rerender": [Function],
  "unmount": [Function],
}
`;
